
  [39;41;1m FAIL [39;49;22m[39m Tests\Feature\ExampleTest[39m
  [31;1m⨯[39;22m[90m [39m[90mit returns a successful response[39m
  [31m────────────────────────────────────────────────────────────────────────────────────────────────────────────────────[39m  
  [41;1m FAILED [49;22m [1mTests\Feature\ExampleTest[22m [90m>[39m it returns a successful response                               [41;1m QueryException [49;22m  
[39;1m  SQLSTATE[HY000]: General error: 1 no such table: general_settings (Connection: sqlite, SQL: select * from "general_settings" limit 1)[39;22m

  at [32mvendor\laravel\framework\src\Illuminate\Database\Connection.php[39m:[32m406[39m
    402▕             // For select statements, we'll simply execute the query and return an array
    403▕             // of the database result set. Each element in the array will be a single
    404▕             // row from the database table, and will either be an array or objects.
    405▕             $statement = $this->prepared(
  ➜ 406▕                 $this->getPdoForSelect($useReadPdo)->prepare($query)
    407▕             );
    408▕ 
    409▕             $this->bindValues($statement, $this->prepareBindings($bindings));
    410▕

  [33m1   [39m[39;1mvendor\laravel\framework\src\Illuminate\Database\Connection.php[39;22m:[39;1m406[39;22m
  [33m2   [39m[39;1mvendor\laravel\framework\src\Illuminate\Database\Connection.php[39;22m:[39;1m813[39;22m


  [90mTests:[39m    [31;1m1 failed[39;22m[90m (0 assertions)[39m
  [90mDuration:[39m [39m3.04s[39m

